winners: {'track_a': 'cov_fut', 'track_b': 'xl_liq'}
               phase  MED_SIG_ic   fm_t  fm_t_over_uni  span_alpha_t  ls_net_sharpe  ls_turnover  qlike_scaled  qlike_sc_dm_t_vs_uni  coverage_vs_base
variant                                                                                                                                               
uni               C0       0.073  2.698            NaN        -0.150          1.171       25.500         0.600                   NaN               1.0
xl                C0       0.061  3.178          1.877        -1.022          1.005       45.155         0.542                -3.768               1.0
cov               C0       0.074  3.511          2.601        -0.216          1.263       31.979         0.567                -3.146               1.0
xl_cov            C0       0.079  3.233          2.612        -0.396          1.467       32.205         0.559                -1.410               1.0
xl_sector         C1       0.069  3.074          2.521        -0.498          1.189       36.918         0.569                -1.858               1.0
xl_market         C1       0.066  3.436          2.386        -0.948          1.188       40.618         0.539                -3.716               1.0
xl_liq            C1       0.059  2.374          1.091        -1.423          0.898       41.865         0.527                -5.226               1.0
xl_rand20         C1       0.067  3.469          2.203        -0.530          1.183       42.744         0.534                -3.992               1.0
cov_sector        C2       0.076  3.690          2.744         0.178          1.338       30.522         0.566                -3.528               1.0
cov_fut           C2       0.081  4.695          4.091         0.815          1.573       33.931         0.538                -4.467               1.0
ctx64             C3       0.053  2.761          1.891        -1.391          1.216       38.447         0.602                 0.133               1.0
ctx128            C3       0.055  2.230          0.774        -1.937          0.800       30.566         0.590                -0.773               1.0
ctx512            C3       0.062  1.768         -0.475        -0.451          0.770       23.516         0.606                 0.265               1.0
resid             C4       0.068  3.350          2.220        -0.200          1.815       25.230         0.731                 1.225               1.0
weekly            C4       0.061  3.179          2.276        -0.338          1.243       27.107         0.790                 1.609               1.0
logprice          C4       0.027  1.024          0.060        -0.513         -0.147       42.210         0.657                 1.064               1.0
cov_fut_ctx128   C3b       0.069  4.260          3.214        -0.472          1.406       34.011         0.542                -4.631               1.0
cov_fut_ctx512   C3b       0.072  3.225          1.832         0.072          1.199       34.213         0.511                -2.989               1.0
xl_liq_ctx128    C3b       0.065  3.250          1.878        -1.728          1.021       38.794         0.503                -3.737               1.0
xl_liq_ctx512    C3b       0.054  1.737          0.143        -1.743          0.586       39.627         0.487                -3.145               1.0

== step 3 on cov_fut ==
                                ic   ic_t  ls_net_sharpe  turnover  span_alpha_t   fm_t
variant                                                                                
chronos                      0.081  6.956          1.573    33.931         0.815  4.695
mimic                        0.086  5.690          2.060    21.681         1.439  3.799
chronos_minus_mimic          0.027  2.932         -0.594    42.068        -0.647  2.764
mimic_ext                    0.081  5.295          1.609    21.007         0.422  3.203
chronos_minus_mimic_ext      0.025  2.660         -0.375    43.217        -0.430  2.474
combo_classic                0.059  4.158          1.314    30.900        -0.582  4.855
combo_plus_chronos           0.065  4.741          1.227    29.434        -0.551  4.769
chronos_smooth_hl5           0.086  6.772          1.649    14.570         1.460  3.491
chronos_smooth_hl10          0.081  6.229          1.465    10.144         1.118  2.775
chronos_smooth_hl21          0.073  5.466          1.059     7.220         0.224  1.913
chronos_monthly              0.127  6.633          1.502     9.610        -0.678  3.365
chronos_smooth_hl10_monthly  0.121  5.077          1.067     5.528        -0.617  2.619
combo_plus_chronos_hl10      0.063  4.346          0.902     9.800        -0.319  2.224
combo_classic_hl10           0.049  3.385          0.786    10.717        -1.174  1.508
{'mimic_oos_r2': 0.437555265921734, 'mimic_ext_oos_r2': 0.4650362613702384, 'combo_chronos_vs_classic': {'sharpe_diff': -0.08710693552714943, 'boot_p': 0.623, 'ic_diff_t': 1.1725210296469488, 'alpha_over_classic_combo_t': -0.12418259888960612, 'mean_weight_chronos': 0.001960913431499918}, 'vol_calibration': {'qlike_raw': 0.8869027844658145, 'qlike_calibrated': 0.6383443316636389, 'dm_t_calibrated_vs_raw': -2.3252255973856037, 'dm_t_vs_ewma_both_calibrated': -0.8769573224456992, 'dm_t_vs_garch_both_calibrated': -0.30106566515508076, 'dm_t_vs_har_daily_both_calibrated': -1.4098727807380151, 'q0.05_hit_calibrated': 0.0405850025309133, 'q0.1_hit_calibrated': 0.07995878226914455}}

== step 3 on xl_liq ==
                                ic   ic_t  ls_net_sharpe  turnover  span_alpha_t   fm_t
variant                                                                                
chronos                      0.059  5.356          0.898    41.865        -1.423  2.374
mimic                        0.087  5.831          2.166    24.287         1.576  4.488
chronos_minus_mimic          0.008  0.955         -1.645    49.471        -2.522  0.262
mimic_ext                    0.079  5.271          1.611    23.380         0.310  3.228
chronos_minus_mimic_ext      0.007  0.840         -1.292    50.439        -2.176  0.307
combo_classic                0.059  4.158          1.314    30.900        -0.582  4.855
combo_plus_chronos           0.054  3.874          1.033    31.205        -1.223  4.188
chronos_smooth_hl5           0.077  6.150          1.240    18.886         0.400  2.319
chronos_smooth_hl10          0.075  5.814          1.104    12.839         0.320  1.892
chronos_smooth_hl21          0.069  5.269          0.869     8.612        -0.062  1.387
chronos_monthly              0.105  5.483          1.127    11.437        -1.654  2.898
chronos_smooth_hl10_monthly  0.107  4.173          0.755     6.655        -1.078  2.305
combo_plus_chronos_hl10      0.048  3.367          0.512    10.686        -1.391  1.775
combo_classic_hl10           0.049  3.385          0.786    10.717        -1.174  1.508
{'mimic_oos_r2': 0.3933221701755048, 'mimic_ext_oos_r2': 0.41874947477744434, 'combo_chronos_vs_classic': {'sharpe_diff': -0.28082330799482214, 'boot_p': 0.972, 'ic_diff_t': -1.2159657112917701, 'alpha_over_classic_combo_t': -1.6851038028171192, 'mean_weight_chronos': 0.0006705553768542589}, 'vol_calibration': {'qlike_raw': 0.8079698514996816, 'qlike_calibrated': 0.628109757969002, 'dm_t_calibrated_vs_raw': -2.195022707263619, 'dm_t_vs_ewma_both_calibrated': -0.9535327922370783, 'dm_t_vs_garch_both_calibrated': -0.7393666668078572, 'dm_t_vs_har_daily_both_calibrated': -1.7054453343613447, 'q0.05_hit_calibrated': 0.043115915829054885, 'q0.1_hit_calibrated': 0.08592450647190686}}

DECISION RULE (return alpha): dead unless the winner's 'chronos_minus_mimic_ext' row has fm_t > 2.
